
[1m[46m RUN [49m[22m [36mv3.2.4 [39m[90mC:/tfi[39m

